// Jest Snapshot v1, https://goo.gl/fbAQLP

exports[`Elapsed Time it should render correctly 1`] = `
ShallowWrapper {
  "length": 1,
  Symbol(enzyme.__root__): [Circular],
  Symbol(enzyme.__unrendered__): <ElapsedTime
    elapsedTime={2000}
/>,
  Symbol(enzyme.__renderer__): Object {
    "batchedUpdates": [Function],
    "getNode": [Function],
    "render": [Function],
    "simulateEvent": [Function],
    "unmount": [Function],
  },
  Symbol(enzyme.__node__): Object {
    "instance": null,
    "key": undefined,
    "nodeType": "host",
    "props": Object {
      "children": Array [
        <span>
          00
          :
</span>,
        <span>
          33
          :
</span>,
        <span>
          20
</span>,
      ],
      "style": Object {
        "margin": "5px",
      },
    },
    "ref": null,
    "rendered": Array [
      Object {
        "instance": null,
        "key": undefined,
        "nodeType": "host",
        "props": Object {
          "children": Array [
            "00",
            ":",
          ],
        },
        "ref": null,
        "rendered": Array [
          "00",
          ":",
        ],
        "type": "span",
      },
      Object {
        "instance": null,
        "key": undefined,
        "nodeType": "host",
        "props": Object {
          "children": Array [
            "33",
            ":",
          ],
        },
        "ref": null,
        "rendered": Array [
          "33",
          ":",
        ],
        "type": "span",
      },
      Object {
        "instance": null,
        "key": undefined,
        "nodeType": "host",
        "props": Object {
          "children": "20",
        },
        "ref": null,
        "rendered": "20",
        "type": "span",
      },
    ],
    "type": "div",
  },
  Symbol(enzyme.__nodes__): Array [
    Object {
      "instance": null,
      "key": undefined,
      "nodeType": "host",
      "props": Object {
        "children": Array [
          <span>
            00
            :
</span>,
          <span>
            33
            :
</span>,
          <span>
            20
</span>,
        ],
        "style": Object {
          "margin": "5px",
        },
      },
      "ref": null,
      "rendered": Array [
        Object {
          "instance": null,
          "key": undefined,
          "nodeType": "host",
          "props": Object {
            "children": Array [
              "00",
              ":",
            ],
          },
          "ref": null,
          "rendered": Array [
            "00",
            ":",
          ],
          "type": "span",
        },
        Object {
          "instance": null,
          "key": undefined,
          "nodeType": "host",
          "props": Object {
            "children": Array [
              "33",
              ":",
            ],
          },
          "ref": null,
          "rendered": Array [
            "33",
            ":",
          ],
          "type": "span",
        },
        Object {
          "instance": null,
          "key": undefined,
          "nodeType": "host",
          "props": Object {
            "children": "20",
          },
          "ref": null,
          "rendered": "20",
          "type": "span",
        },
      ],
      "type": "div",
    },
  ],
  Symbol(enzyme.__options__): Object {
    "adapter": ReactSixteenAdapter {
      "options": Object {
        "enableComponentDidUpdateOnSetState": true,
      },
    },
  },
}
`;
